common.c:12:6:set	40	static
common.c:58:6:RNS_config	40	static
common.c:88:6:manual_mode	8	static
common.c:104:6:RobotStart	4	static
common.c:149:6:NormalControl	104	static
common.c:380:6:Auto	48	static
common.c:556:6:setPitch	16	static
common.c:590:6:setPick	16	static
common.c:596:6:CheckPickEnc	8	static
common.c:612:6:CheckPitch	8	static
common.c:641:6:CheckPick	160	static
common.c:783:6:CheckShoot	8	static
common.c:835:6:CheckLoad	8	static
common.c:955:6:CheckPick0	8	static
common.c:971:6:Checking	8	static
common.c:979:6:LoadRing	8	static
common.c:986:6:StopAutoPP	8	static
common.c:992:6:AutoLoadRing	8	static
common.c:1003:6:AdjustRings	4	static
common.c:1011:6:ResetCoordinate	8	static
common.c:1017:6:ResetPickEnc	8	static
common.c:1023:6:enq	8	static
common.c:1053:6:tune	16	static
common.c:1196:6:flywheelPID	16	static
common.c:1204:6:flywheelAct	8	static
common.c:1213:6:flywheelStop	8	static
common.c:1227:6:Shot	8	static
common.c:1234:6:Await	16	static
