common.c:10:6:set	40	static
common.c:48:6:RNS_config	40	static
common.c:78:6:manual_mode	8	static
common.c:94:6:RobotStart	4	static
common.c:119:6:NormalControl	8	static
common.c:238:6:Auto	48	static
common.c:307:6:setPitch	16	static
common.c:341:6:setPick	16	static
common.c:347:6:CheckPickEnc	8	static
common.c:363:6:CheckPitch	8	static
common.c:392:6:CheckPick	128	static
common.c:477:6:CheckShoot	8	static
common.c:516:6:CheckLoad	8	static
common.c:568:6:Checking	8	static
common.c:576:6:LoadRing	8	static
common.c:583:6:StopAutoPP	8	static
common.c:589:6:AutoLoadRing	8	static
common.c:600:6:ResetCoordinate	8	static
common.c:606:6:ResetPickEnc	8	static
common.c:612:6:enq	8	static
common.c:642:6:tune	40	static
common.c:755:6:Shot	8	static
common.c:762:6:Await	16	static
